[debug] [2026-09-08T09:25:58.571Z] ----------------------------------------------------------------------
[debug] [2026-09-08T09:25:58.574Z] Command:       C:\Program Files\nodejs\node.exe C:\Users\prati\AppData\Roaming\npm\node_modules\firebase-tools\lib\bin\firebase.js login --reauth
[debug] [2026-09-08T09:25:58.574Z] CLI Version:   13.8.3
[debug] [2026-09-08T09:25:58.575Z] Platform:      win32
[debug] [2026-09-08T09:25:58.575Z] Node Version:  v22.17.0
[debug] [2026-09-08T09:25:58.575Z] Time:          Tue Sep 08 2026 14:55:58 GMT+0530 (India Standard Time)
[debug] [2026-09-08T09:25:58.575Z] ----------------------------------------------------------------------
[debug] 
[info] 
[info] Visit this URL on this device to log in:
[info] https://accounts.google.com/o/oauth2/auth?client_id=563584335869-fgrhgmd47bqnekij5i8b5pr03ho849e6.apps.googleusercontent.com&scope=email%20openid%20https%3A%2F%2Fwww.googleapis.com%2Fauth%2Fcloudplatformprojects.readonly%20https%3A%2F%2Fwww.googleapis.com%2Fauth%2Ffirebase%20https%3A%2F%2Fwww.googleapis.com%2Fauth%2Fcloud-platform&response_type=code&state=224711801&redirect_uri=http%3A%2F%2Flocalhost%3A9005&login_hint=pratik26y%40gmail.com
[info] 
[info] Waiting for authentication...
[debug] [2026-09-08T09:26:07.253Z] >>> [apiv2][query] POST https://auth.firebase.tools/attest [none]
[debug] [2026-09-08T09:26:07.254Z] >>> [apiv2][body] POST https://auth.firebase.tools/attest {"session_id":"90abcc80-a620-4458-a6b6-387c566fae48"}
[debug] [2026-09-08T09:26:07.903Z] <<< [apiv2][status] POST https://auth.firebase.tools/attest 200
[debug] [2026-09-08T09:26:07.903Z] <<< [apiv2][body] POST https://auth.firebase.tools/attest {"token":"7DEH_a-BAmEEKkDLoYOR4RuH15Zr-0AeSuUYna2p_FI"}
[info] 
[info] To sign in to the Firebase CLI:
[info] 
[info] 1. Take note of your session ID:
[info] 
[info]    90ABC
[info] 
[info] 2. Visit the URL below on any device and follow the instructions to get your code:
[info] 
[info]    https://auth.firebase.tools/login?code_challenge=6fVxcU3AjBX8KpBEDJfqqzLAtCgGr47ahgIjzIu2VwE&session=90abcc80-a620-4458-a6b6-387c566fae48&attest=7DEH_a-BAmEEKkDLoYOR4RuH15Zr-0AeSuUYna2p_FI
[info] 
[info] 3. Paste or enter the authorization code below once you have it:
[info] 
[debug] [2026-09-08T09:26:23.499Z] ----------------------------------------------------------------------
[debug] [2026-09-08T09:26:23.501Z] Command:       C:\Program Files\nodejs\node.exe C:\Users\prati\AppData\Roaming\npm\node_modules\firebase-tools\lib\bin\firebase.js login --reauth
[debug] [2026-09-08T09:26:23.502Z] CLI Version:   13.8.3
[debug] [2026-09-08T09:26:23.502Z] Platform:      win32
[debug] [2026-09-08T09:26:23.502Z] Node Version:  v22.17.0
[debug] [2026-09-08T09:26:23.502Z] Time:          Tue Sep 08 2026 14:56:23 GMT+0530 (India Standard Time)
[debug] [2026-09-08T09:26:23.502Z] ----------------------------------------------------------------------
[debug] 
[info] 
[info] Visit this URL on this device to log in:
[info] https://accounts.google.com/o/oauth2/auth?client_id=563584335869-fgrhgmd47bqnekij5i8b5pr03ho849e6.apps.googleusercontent.com&scope=email%20openid%20https%3A%2F%2Fwww.googleapis.com%2Fauth%2Fcloudplatformprojects.readonly%20https%3A%2F%2Fwww.googleapis.com%2Fauth%2Ffirebase%20https%3A%2F%2Fwww.googleapis.com%2Fauth%2Fcloud-platform&response_type=code&state=1013974140&redirect_uri=http%3A%2F%2Flocalhost%3A9005&login_hint=pratik26y%40gmail.com
[info] 
[info] Waiting for authentication...
[debug] [2026-09-08T09:27:09.190Z] >>> [apiv2][query] POST https://auth.firebase.tools/attest [none]
[debug] [2026-09-08T09:27:09.191Z] >>> [apiv2][body] POST https://auth.firebase.tools/attest {"session_id":"cc032fd3-731e-4c50-8cac-e7113d32a19a"}
[debug] [2026-09-08T09:27:09.938Z] <<< [apiv2][status] POST https://auth.firebase.tools/attest 200
[debug] [2026-09-08T09:27:09.939Z] <<< [apiv2][body] POST https://auth.firebase.tools/attest {"token":"d6l3tYK3cXvi9ilN1LedjKDRHxXkFNvNdlJC_YjsEZw"}
[info] 
[info] To sign in to the Firebase CLI:
[info] 
[info] 1. Take note of your session ID:
[info] 
[info]    CC032
[info] 
[info] 2. Visit the URL below on any device and follow the instructions to get your code:
[info] 
[info]    https://auth.firebase.tools/login?code_challenge=Lq2MQfRgVNMSYAtaJi4prX6TX1Rfs1Q9NW_SLbYQf44&session=cc032fd3-731e-4c50-8cac-e7113d32a19a&attest=d6l3tYK3cXvi9ilN1LedjKDRHxXkFNvNdlJC_YjsEZw
[info] 
[info] 3. Paste or enter the authorization code below once you have it:
[info] 
